---
source: tests/markdown.rs
expression: result
---
## HEAD - November 27, 2025

[**`1`**](#new-features) new feature

## New Features
- **`eb40931`** instructions for wooing fair maidens

  When wooing a lady of quality, attend to these principles with utmost care and devotion:

  1. First, compose sonnets praising her beauty in terms most eloquent, comparing her eyes to stars and her voice to sweetest music
  2. Second, present tokens of affection such as posies of flowers gathered from the fairest gardens in the realm
  3. Third, demonstrate thy valour and honour through noble deeds that shall be sung by minstrels across the land

*Generated with [release-note](https://github.com/purpleclay/release-note)*
